// Jest Snapshot v1, https://goo.gl/fbAQLP

exports[`Pruebas en <FirstApp /> debe de hacer el match con el snapshot  1`] = `
<div>
  <div
    data-testid="test-title"
  >
     
    Hola, soy Goku
     
  </div>
  <p>
    No hay subtitulo
  </p>
  <p>
    Aros
  </p>
</div>
`;
